// Jest Snapshot v1, https://goo.gl/fbAQLP

exports[`FlagSubmit renders correctly 1`] = `
<div>
  <div
    class="submit-column input"
  >
    <input
      id="problemId"
      type="text"
    />
  </div>
  <div
    class="submitForm"
  >
    <div
      class="submit-column button"
    >
      <button
        onClick={[Function]}
      >
        Submit
      </button>
    </div>
    <div
      class="submit-column output"
    >
      
    </div>
  </div>
</div>
`;
